// Jest Snapshot v1, https://goo.gl/fbAQLP

exports[`<Modal /> should render default layout 1`] = `
<View
  style={
    Array [
      Object {
        "backgroundColor": "rgba(0,0,0,0.7)",
        "height": 1329,
        "marginBottom": -5,
        "marginLeft": -5,
        "marginRight": -5,
        "marginTop": -5,
        "paddingBottom": 40,
        "paddingLeft": 20,
        "paddingRight": 20,
        "paddingTop": 20,
        "position": "absolute",
        "width": 750,
      },
    ]
  }
>
  <RCTScrollView
    style={
      Array [
        Object {
          "backgroundColor": "#fafafa",
          "height": "100%",
          "paddingBottom": 10,
          "paddingLeft": 10,
          "paddingRight": 10,
          "paddingTop": 10,
          "width": "100%",
        },
      ]
    }
  >
    <View>
      <View
        style={
          Array [
            Object {
              "alignSelf": "flex-end",
              "marginBottom": 10,
              "marginRight": 10,
            },
          ]
        }
      >
        <View
          accessible={true}
          focusable={true}
          onClick={[Function]}
          onResponderGrant={[Function]}
          onResponderMove={[Function]}
          onResponderRelease={[Function]}
          onResponderTerminate={[Function]}
          onResponderTerminationRequest={[Function]}
          onStartShouldSetResponder={[Function]}
          style={
            Object {
              "opacity": 1,
            }
          }
        >
          <Text
            allowFontScaling={false}
            style={
              Array [
                Object {
                  "color": "#707070",
                  "fontSize": 30,
                },
                undefined,
                Object {
                  "fontFamily": "FontAwesome",
                  "fontStyle": "normal",
                  "fontWeight": "normal",
                },
                Object {},
              ]
            }
          >
            ÔÄç
          </Text>
        </View>
      </View>
      <Text
        style={
          Array [
            Object {
              "color": "#707070",
              "fontSize": 22,
            },
          ]
        }
      />
    </View>
  </RCTScrollView>
</View>
`;
