// Jest Snapshot v1, https://goo.gl/fbAQLP

exports[`<Logo /> should render default component 1`] = `
<Image
  accessibilityLabel="Logo da GTA"
  source={
    Object {
      "testUri": "../../../src/assets/logo.png",
    }
  }
  style={
    Array [
      Object {},
    ]
  }
/>
`;
